vlib/v/checker/tests/enum_field_name_duplicate_err.vv:5:2: error: duplicate enum field name `green`
    3 |     yellow
    4 |     blue
    5 |     green
      |     ~~~~~
    6 | }
    7 |
