vlib/v/checker/tests/import_mod_as_import_duplicate_err.vv:2:8: error: `x.json2` was already imported as `json` on line 1
    1 | import x.json2 as json
    2 | import json
      |        ~~~~
    3 | 
    4 | numbers := {